Component: ARM Compiler 6.14 Tool: armlink [5db06800]

==============================================================================

Section Cross References

    system_nuc100series.o(.text.SystemCoreClockUpdate) refers to aeabi_sdiv.o(.text) for __aeabi_uidiv
    system_nuc100series.o(.text.SystemCoreClockUpdate) refers to system_nuc100series.o(.data..L_MergedGlobals) for [Anonymous Symbol]
    system_nuc100series.o(.ARM.exidx.text.SystemCoreClockUpdate) refers to system_nuc100series.o(.text.SystemCoreClockUpdate) for [Anonymous Symbol]
    system_nuc100series.o(.ARM.exidx.text.SystemInit) refers to system_nuc100series.o(.text.SystemInit) for [Anonymous Symbol]
    startup_nuc100series.o(STACK) refers (Special) to heapauxi.o(.text) for __use_two_region_memory
    startup_nuc100series.o(HEAP) refers (Special) to heapauxi.o(.text) for __use_two_region_memory
    startup_nuc100series.o(RESET) refers (Special) to heapauxi.o(.text) for __use_two_region_memory
    startup_nuc100series.o(RESET) refers to startup_nuc100series.o(STACK) for __initial_sp
    startup_nuc100series.o(RESET) refers to startup_nuc100series.o(.text) for Reset_Handler
    startup_nuc100series.o(RESET) refers to main.o(.text.EINT1_IRQHandler) for EINT1_IRQHandler
    startup_nuc100series.o(RESET) refers to main.o(.text.GPAB_IRQHandler) for GPAB_IRQHandler
    startup_nuc100series.o(RESET) refers to main.o(.text.TMR0_IRQHandler) for TMR0_IRQHandler
    startup_nuc100series.o(RESET) refers to main.o(.text.TMR1_IRQHandler) for TMR1_IRQHandler
    startup_nuc100series.o(.text) refers (Special) to heapauxi.o(.text) for __use_two_region_memory
    startup_nuc100series.o(.text) refers to system_nuc100series.o(.text.SystemInit) for SystemInit
    startup_nuc100series.o(.text) refers to __main.o(!!!main) for __main
    startup_nuc100series.o(.text) refers to startup_nuc100series.o(HEAP) for Heap_Mem
    startup_nuc100series.o(.text) refers to startup_nuc100series.o(STACK) for Stack_Mem
    main.o(.text.main) refers to main.o(.text.Enable_Clocksources) for Enable_Clocksources
    main.o(.text.main) refers to main.o(.text.Keypad_Init) for Keypad_Init
    main.o(.text.main) refers to main.o(.text.LED_Init) for LED_Init
    main.o(.text.main) refers to main.o(.text.Seven_Seg_Init) for Seven_Seg_Init
    main.o(.text.main) refers to main.o(.text.Rotate_Button_Init) for Rotate_Button_Init
    main.o(.text.main) refers to main.o(.text.TMR0_Init) for TMR0_Init
    main.o(.text.main) refers to main.o(.text.TMR1_Init) for TMR1_Init
    main.o(.text.main) refers to main.o(.text.Display_Stopwatch) for Display_Stopwatch
    main.o(.text.main) refers to main.o(.text.Turn_Off_All_Digits) for Turn_Off_All_Digits
    main.o(.text.main) refers to main.o(.text.DisplayCheckMode) for DisplayCheckMode
    main.o(.text.main) refers to main.o(.bss..L_MergedGlobals) for [Anonymous Symbol]
    main.o(.ARM.exidx.text.main) refers to main.o(.text.main) for [Anonymous Symbol]
    main.o(.ARM.exidx.text.Enable_Clocksources) refers to main.o(.text.Enable_Clocksources) for [Anonymous Symbol]
    main.o(.ARM.exidx.text.Clock_Init) refers to main.o(.text.Clock_Init) for [Anonymous Symbol]
    main.o(.ARM.exidx.text.Keypad_Init) refers to main.o(.text.Keypad_Init) for [Anonymous Symbol]
    main.o(.ARM.exidx.text.LED_Init) refers to main.o(.text.LED_Init) for [Anonymous Symbol]
    main.o(.ARM.exidx.text.Seven_Seg_Init) refers to main.o(.text.Seven_Seg_Init) for [Anonymous Symbol]
    main.o(.ARM.exidx.text.Rotate_Button_Init) refers to main.o(.text.Rotate_Button_Init) for [Anonymous Symbol]
    main.o(.ARM.exidx.text.TMR0_Init) refers to main.o(.text.TMR0_Init) for [Anonymous Symbol]
    main.o(.ARM.exidx.text.TMR1_Init) refers to main.o(.text.TMR1_Init) for [Anonymous Symbol]
    main.o(.ARM.exidx.text.LED5_toggle) refers to main.o(.text.LED5_toggle) for [Anonymous Symbol]
    main.o(.text.Display_Stopwatch) refers to main.o(.bss..L_MergedGlobals) for [Anonymous Symbol]
    main.o(.text.Display_Stopwatch) refers to main.o(.text.Display_Digit) for Display_Digit
    main.o(.ARM.exidx.text.Display_Stopwatch) refers to main.o(.text.Display_Stopwatch) for [Anonymous Symbol]
    main.o(.ARM.exidx.text.Turn_Off_All_Digits) refers to main.o(.text.Turn_Off_All_Digits) for [Anonymous Symbol]
    main.o(.text.DisplayCheckMode) refers to main.o(.bss..L_MergedGlobals) for [Anonymous Symbol]
    main.o(.text.DisplayCheckMode) refers to main.o(.text.Display_Digit) for Display_Digit
    main.o(.ARM.exidx.text.DisplayCheckMode) refers to main.o(.text.DisplayCheckMode) for [Anonymous Symbol]
    main.o(.ARM.exidx.text.Debounce_Keypad) refers to main.o(.text.Debounce_Keypad) for [Anonymous Symbol]
    main.o(.ARM.exidx.text.LED6_toggle) refers to main.o(.text.LED6_toggle) for [Anonymous Symbol]
    main.o(.ARM.exidx.text.LED7_toggle) refers to main.o(.text.LED7_toggle) for [Anonymous Symbol]
    main.o(.text.Select_Digit) refers to main.o(.data.pattern) for pattern
    main.o(.ARM.exidx.text.Select_Digit) refers to main.o(.text.Select_Digit) for [Anonymous Symbol]
    main.o(.text.Display_Digit) refers to main.o(.text.Select_Digit) for Select_Digit
    main.o(.text.Display_Digit) refers to main.o(.text.Delay) for Delay
    main.o(.text.Display_Digit) refers to main.o(.text.Turn_Off_All_Digits) for Turn_Off_All_Digits
    main.o(.ARM.exidx.text.Display_Digit) refers to main.o(.text.Display_Digit) for [Anonymous Symbol]
    main.o(.ARM.exidx.text.Delay) refers to main.o(.text.Delay) for [Anonymous Symbol]
    main.o(.ARM.exidx.text.Check_If_K1_Is_Pressed) refers to main.o(.text.Check_If_K1_Is_Pressed) for [Anonymous Symbol]
    main.o(.ARM.exidx.text.Check_If_K9_Is_Pressed) refers to main.o(.text.Check_If_K9_Is_Pressed) for [Anonymous Symbol]
    main.o(.text.Handle_Keypad_Button_Press) refers to main.o(.text.Record_Lap) for Record_Lap
    main.o(.text.Handle_Keypad_Button_Press) refers to main.o(.text.Reset_Stopwatch) for Reset_Stopwatch
    main.o(.text.Handle_Keypad_Button_Press) refers to main.o(.bss..L_MergedGlobals) for [Anonymous Symbol]
    main.o(.ARM.exidx.text.Handle_Keypad_Button_Press) refers to main.o(.text.Handle_Keypad_Button_Press) for [Anonymous Symbol]
    main.o(.ARM.exidx.text.Start_Stopwatch) refers to main.o(.text.Start_Stopwatch) for [Anonymous Symbol]
    main.o(.ARM.exidx.text.Pause_Stopwatch) refers to main.o(.text.Pause_Stopwatch) for [Anonymous Symbol]
    main.o(.text.Record_Lap) refers to main.o(.bss..L_MergedGlobals) for [Anonymous Symbol]
    main.o(.ARM.exidx.text.Record_Lap) refers to main.o(.text.Record_Lap) for [Anonymous Symbol]
    main.o(.ARM.exidx.text.Reset_Timer0) refers to main.o(.text.Reset_Timer0) for [Anonymous Symbol]
    main.o(.text.Reset_Stopwatch) refers to main.o(.bss..L_MergedGlobals) for [Anonymous Symbol]
    main.o(.ARM.exidx.text.Reset_Stopwatch) refers to main.o(.text.Reset_Stopwatch) for [Anonymous Symbol]
    main.o(.text.GPAB_IRQHandler) refers to main.o(.text.Check_If_K1_Is_Pressed) for Check_If_K1_Is_Pressed
    main.o(.text.GPAB_IRQHandler) refers to main.o(.text.Check_If_K9_Is_Pressed) for Check_If_K9_Is_Pressed
    main.o(.text.GPAB_IRQHandler) refers to main.o(.text.Handle_Keypad_Button_Press) for Handle_Keypad_Button_Press
    main.o(.text.GPAB_IRQHandler) refers to main.o(.text.Delay) for Delay
    main.o(.text.GPAB_IRQHandler) refers to main.o(.bss..L_MergedGlobals) for [Anonymous Symbol]
    main.o(.ARM.exidx.text.GPAB_IRQHandler) refers to main.o(.text.GPAB_IRQHandler) for [Anonymous Symbol]
    main.o(.ARM.exidx.text.Clear_Pending_GPAB_INT) refers to main.o(.text.Clear_Pending_GPAB_INT) for [Anonymous Symbol]
    main.o(.ARM.exidx.text.Turn_Off_LED) refers to main.o(.text.Turn_Off_LED) for [Anonymous Symbol]
    main.o(.ARM.exidx.text.Turn_Off_All_LEDs) refers to main.o(.text.Turn_Off_All_LEDs) for [Anonymous Symbol]
    main.o(.text.Count_Stopwatch) refers to aeabi_sdiv.o(.text) for __aeabi_idivmod
    main.o(.text.Count_Stopwatch) refers to main.o(.bss..L_MergedGlobals) for [Anonymous Symbol]
    main.o(.ARM.exidx.text.Count_Stopwatch) refers to main.o(.text.Count_Stopwatch) for [Anonymous Symbol]
    main.o(.text.TMR0_IRQHandler) refers to main.o(.text.Count_Stopwatch) for Count_Stopwatch
    main.o(.ARM.exidx.text.TMR0_IRQHandler) refers to main.o(.text.TMR0_IRQHandler) for [Anonymous Symbol]
    main.o(.ARM.exidx.text.Clear_Pending_TMR0_INT) refers to main.o(.text.Clear_Pending_TMR0_INT) for [Anonymous Symbol]
    main.o(.ARM.exidx.text.Resume_Stopwatch) refers to main.o(.text.Resume_Stopwatch) for [Anonymous Symbol]
    main.o(.text.TMR1_IRQHandler) refers to main.o(.bss..L_MergedGlobals) for [Anonymous Symbol]
    main.o(.ARM.exidx.text.TMR1_IRQHandler) refers to main.o(.text.TMR1_IRQHandler) for [Anonymous Symbol]
    main.o(.ARM.exidx.text.Clear_Pending_TMR1_INT) refers to main.o(.text.Clear_Pending_TMR1_INT) for [Anonymous Symbol]
    main.o(.ARM.exidx.text.Clear_Pending_EINT1_INT) refers to main.o(.text.Clear_Pending_EINT1_INT) for [Anonymous Symbol]
    main.o(.text.Handle_Rotate_Button_Press) refers to main.o(.text.Delay) for Delay
    main.o(.text.Handle_Rotate_Button_Press) refers to main.o(.bss..L_MergedGlobals) for [Anonymous Symbol]
    main.o(.ARM.exidx.text.Handle_Rotate_Button_Press) refers to main.o(.text.Handle_Rotate_Button_Press) for [Anonymous Symbol]
    main.o(.text.EINT1_IRQHandler) refers to main.o(.text.Handle_Rotate_Button_Press) for Handle_Rotate_Button_Press
    main.o(.text.EINT1_IRQHandler) refers to main.o(.text.Delay) for Delay
    main.o(.ARM.exidx.text.EINT1_IRQHandler) refers to main.o(.text.EINT1_IRQHandler) for [Anonymous Symbol]
    __main.o(!!!main) refers to __rtentry.o(.ARM.Collect$$rtentry$$00000000) for __rt_entry
    __rtentry.o(.ARM.Collect$$rtentry$$00000000) refers (Special) to __rtentry2.o(.ARM.Collect$$rtentry$$0000000A) for __rt_entry_li
    __rtentry.o(.ARM.Collect$$rtentry$$00000000) refers (Special) to __rtentry2.o(.ARM.Collect$$rtentry$$0000000D) for __rt_entry_main
    __rtentry.o(.ARM.Collect$$rtentry$$00000000) refers (Special) to __rtentry2.o(.ARM.Collect$$rtentry$$0000000C) for __rt_entry_postli_1
    __rtentry.o(.ARM.Collect$$rtentry$$00000000) refers (Special) to __rtentry2.o(.ARM.Collect$$rtentry$$00000009) for __rt_entry_postsh_1
    __rtentry.o(.ARM.Collect$$rtentry$$00000000) refers (Special) to __rtentry2.o(.ARM.Collect$$rtentry$$00000002) for __rt_entry_presh_1
    __rtentry.o(.ARM.Collect$$rtentry$$00000000) refers (Special) to __rtentry4.o(.ARM.Collect$$rtentry$$00000004) for __rt_entry_sh
    aeabi_idiv0_sigfpe.o(.text) refers to rt_div0.o(.text) for __rt_div0
    __rtentry2.o(.ARM.Collect$$rtentry$$00000008) refers to boardinit2.o(.text) for _platform_post_stackheap_init
    __rtentry2.o(.ARM.Collect$$rtentry$$0000000A) refers to libinit.o(.ARM.Collect$$libinit$$00000000) for __rt_lib_init
    __rtentry2.o(.ARM.Collect$$rtentry$$0000000B) refers to boardinit3.o(.text) for _platform_post_lib_init
    __rtentry2.o(.ARM.Collect$$rtentry$$0000000D) refers to main.o(.text.main) for main
    __rtentry2.o(.ARM.Collect$$rtentry$$0000000D) refers to exit.o(.text) for exit
    __rtentry2.o(.ARM.exidx) refers to __rtentry2.o(.ARM.Collect$$rtentry$$00000001) for .ARM.Collect$$rtentry$$00000001
    __rtentry2.o(.ARM.exidx) refers to __rtentry2.o(.ARM.Collect$$rtentry$$00000008) for .ARM.Collect$$rtentry$$00000008
    __rtentry2.o(.ARM.exidx) refers to __rtentry2.o(.ARM.Collect$$rtentry$$0000000A) for .ARM.Collect$$rtentry$$0000000A
    __rtentry2.o(.ARM.exidx) refers to __rtentry2.o(.ARM.Collect$$rtentry$$0000000B) for .ARM.Collect$$rtentry$$0000000B
    __rtentry2.o(.ARM.exidx) refers to __rtentry2.o(.ARM.Collect$$rtentry$$0000000D) for .ARM.Collect$$rtentry$$0000000D
    __rtentry4.o(.ARM.Collect$$rtentry$$00000004) refers to sys_stackheap_outer.o(.text) for __user_setup_stackheap
    __rtentry4.o(.ARM.exidx) refers to __rtentry4.o(.ARM.Collect$$rtentry$$00000004) for .ARM.Collect$$rtentry$$00000004
    rt_div0.o(.text) refers to defsig_fpe_outer.o(.text) for __rt_SIGFPE
    sys_stackheap_outer.o(.text) refers to libspace.o(.text) for __user_perproc_libspace
    sys_stackheap_outer.o(.text) refers to startup_nuc100series.o(.text) for __user_initial_stackheap
    sys_stackheap_outer.o(__vectab_stack_and_reset_area) refers to tempstk.o(.text) for __temporary_stack_top
    sys_stackheap_outer.o(__vectab_stack_and_reset_area) refers to __main.o(!!!main) for __main
    exit.o(.text) refers to rtexit.o(.ARM.Collect$$rtexit$$00000000) for __rt_exit
    defsig_fpe_outer.o(.text) refers to defsig_fpe_inner.o(.text) for __rt_SIGFPE_inner
    defsig_fpe_outer.o(.text) refers to defsig_exit.o(.text) for __sig_exit
    defsig_fpe_formal.o(.text) refers to rt_raise.o(.text) for __rt_raise
    libinit.o(.ARM.Collect$$libinit$$00000000) refers (Special) to libinit2.o(.ARM.Collect$$libinit$$0000002E) for __rt_lib_init_alloca_1
    libinit.o(.ARM.Collect$$libinit$$00000000) refers (Special) to libinit2.o(.ARM.Collect$$libinit$$0000002C) for __rt_lib_init_argv_1
    libinit.o(.ARM.Collect$$libinit$$00000000) refers (Special) to libinit2.o(.ARM.Collect$$libinit$$0000001B) for __rt_lib_init_atexit_1
    libinit.o(.ARM.Collect$$libinit$$00000000) refers (Special) to libinit2.o(.ARM.Collect$$libinit$$00000021) for __rt_lib_init_clock_1
    libinit.o(.ARM.Collect$$libinit$$00000000) refers (Special) to libinit2.o(.ARM.Collect$$libinit$$00000032) for __rt_lib_init_cpp_1
    libinit.o(.ARM.Collect$$libinit$$00000000) refers (Special) to libinit2.o(.ARM.Collect$$libinit$$00000030) for __rt_lib_init_exceptions_1
    libinit.o(.ARM.Collect$$libinit$$00000000) refers (Special) to libinit2.o(.ARM.Collect$$libinit$$00000002) for __rt_lib_init_fp_1
    libinit.o(.ARM.Collect$$libinit$$00000000) refers (Special) to libinit2.o(.ARM.Collect$$libinit$$0000001F) for __rt_lib_init_fp_trap_1
    libinit.o(.ARM.Collect$$libinit$$00000000) refers (Special) to libinit2.o(.ARM.Collect$$libinit$$00000023) for __rt_lib_init_getenv_1
    libinit.o(.ARM.Collect$$libinit$$00000000) refers (Special) to libinit2.o(.ARM.Collect$$libinit$$0000000A) for __rt_lib_init_heap_1
    libinit.o(.ARM.Collect$$libinit$$00000000) refers (Special) to libinit2.o(.ARM.Collect$$libinit$$00000011) for __rt_lib_init_lc_collate_1
    libinit.o(.ARM.Collect$$libinit$$00000000) refers (Special) to libinit2.o(.ARM.Collect$$libinit$$00000013) for __rt_lib_init_lc_ctype_1
    libinit.o(.ARM.Collect$$libinit$$00000000) refers (Special) to libinit2.o(.ARM.Collect$$libinit$$00000015) for __rt_lib_init_lc_monetary_1
    libinit.o(.ARM.Collect$$libinit$$00000000) refers (Special) to libinit2.o(.ARM.Collect$$libinit$$00000017) for __rt_lib_init_lc_numeric_1
    libinit.o(.ARM.Collect$$libinit$$00000000) refers (Special) to libinit2.o(.ARM.Collect$$libinit$$00000019) for __rt_lib_init_lc_time_1
    libinit.o(.ARM.Collect$$libinit$$00000000) refers (Special) to libinit2.o(.ARM.Collect$$libinit$$00000004) for __rt_lib_init_preinit_1
    libinit.o(.ARM.Collect$$libinit$$00000000) refers (Special) to libinit2.o(.ARM.Collect$$libinit$$0000000E) for __rt_lib_init_rand_1
    libinit.o(.ARM.Collect$$libinit$$00000000) refers (Special) to libinit2.o(.ARM.Collect$$libinit$$00000033) for __rt_lib_init_return
    libinit.o(.ARM.Collect$$libinit$$00000000) refers (Special) to libinit2.o(.ARM.Collect$$libinit$$0000001D) for __rt_lib_init_signal_1
    libinit.o(.ARM.Collect$$libinit$$00000000) refers (Special) to libinit2.o(.ARM.Collect$$libinit$$00000025) for __rt_lib_init_stdio_1
    libinit.o(.ARM.Collect$$libinit$$00000000) refers (Special) to libinit2.o(.ARM.Collect$$libinit$$0000000C) for __rt_lib_init_user_alloc_1
    libspace.o(.text) refers to libspace.o(.bss) for __libspace_start
    rtexit.o(.ARM.Collect$$rtexit$$00000000) refers (Special) to rtexit2.o(.ARM.Collect$$rtexit$$00000004) for __rt_exit_exit
    rtexit.o(.ARM.Collect$$rtexit$$00000000) refers (Special) to rtexit2.o(.ARM.Collect$$rtexit$$00000003) for __rt_exit_ls
    rtexit.o(.ARM.Collect$$rtexit$$00000000) refers (Special) to rtexit2.o(.ARM.Collect$$rtexit$$00000002) for __rt_exit_prels_1
    rtexit.o(.ARM.exidx) refers (Special) to rtexit2.o(.ARM.Collect$$rtexit$$00000004) for __rt_exit_exit
    rtexit.o(.ARM.exidx) refers (Special) to rtexit2.o(.ARM.Collect$$rtexit$$00000003) for __rt_exit_ls
    rtexit.o(.ARM.exidx) refers (Special) to rtexit2.o(.ARM.Collect$$rtexit$$00000002) for __rt_exit_prels_1
    rtexit.o(.ARM.exidx) refers to rtexit.o(.ARM.Collect$$rtexit$$00000000) for .ARM.Collect$$rtexit$$00000000
    rt_raise.o(.text) refers to __raise.o(.text) for __raise
    rt_raise.o(.text) refers to sys_exit.o(.text) for _sys_exit
    defsig_exit.o(.text) refers to sys_exit.o(.text) for _sys_exit
    defsig_fpe_inner.o(.text) refers to defsig_general.o(.text) for __default_signal_display
    libinit2.o(.ARM.Collect$$libinit$$00000010) refers to libinit2.o(.ARM.Collect$$libinit$$0000000F) for .ARM.Collect$$libinit$$0000000F
    libinit2.o(.ARM.Collect$$libinit$$00000012) refers to libinit2.o(.ARM.Collect$$libinit$$0000000F) for .ARM.Collect$$libinit$$0000000F
    libinit2.o(.ARM.Collect$$libinit$$00000014) refers to libinit2.o(.ARM.Collect$$libinit$$0000000F) for .ARM.Collect$$libinit$$0000000F
    libinit2.o(.ARM.Collect$$libinit$$00000016) refers to libinit2.o(.ARM.Collect$$libinit$$0000000F) for .ARM.Collect$$libinit$$0000000F
    libinit2.o(.ARM.Collect$$libinit$$00000018) refers to libinit2.o(.ARM.Collect$$libinit$$0000000F) for .ARM.Collect$$libinit$$0000000F
    libinit2.o(.ARM.Collect$$libinit$$00000026) refers to argv_veneer.o(.text) for __ARM_argv_veneer
    libinit2.o(.ARM.Collect$$libinit$$00000027) refers to argv_veneer.o(.text) for __ARM_argv_veneer
    sys_exit.o(.text) refers (Special) to use_no_semi.o(.text) for __I$use$semihosting
    sys_exit.o(.text) refers (Special) to indicate_semi.o(.text) for __semihosting_library_function
    sys_exit_hlt.o(.text) refers (Special) to use_no_semi.o(.text) for __I$use$semihosting
    sys_exit_hlt.o(.text) refers (Special) to indicate_semi.o(.text) for __semihosting_library_function
    rtexit2.o(.ARM.Collect$$rtexit$$00000003) refers to libshutdown.o(.ARM.Collect$$libshutdown$$00000000) for __rt_lib_shutdown
    rtexit2.o(.ARM.Collect$$rtexit$$00000004) refers to sys_exit.o(.text) for _sys_exit
    rtexit2.o(.ARM.exidx) refers to rtexit2.o(.ARM.Collect$$rtexit$$00000001) for .ARM.Collect$$rtexit$$00000001
    rtexit2.o(.ARM.exidx) refers to rtexit2.o(.ARM.Collect$$rtexit$$00000003) for .ARM.Collect$$rtexit$$00000003
    rtexit2.o(.ARM.exidx) refers to rtexit2.o(.ARM.Collect$$rtexit$$00000004) for .ARM.Collect$$rtexit$$00000004
    __raise.o(.text) refers to defsig.o(CL$$defsig) for __default_signal_handler
    defsig_general.o(.text) refers to sys_wrch.o(.text) for _ttywrch
    sys_wrch.o(.text) refers (Special) to use_no_semi.o(.text) for __I$use$semihosting
    sys_wrch.o(.text) refers (Special) to indicate_semi.o(.text) for __semihosting_library_function
    sys_wrch_hlt.o(.text) refers (Special) to use_no_semi.o(.text) for __I$use$semihosting
    sys_wrch_hlt.o(.text) refers (Special) to indicate_semi.o(.text) for __semihosting_library_function
    defsig.o(CL$$defsig) refers to defsig_fpe_inner.o(.text) for __rt_SIGFPE_inner
    defsig.o(CL$$defsig) refers to defsig_rtmem_inner.o(.text) for __rt_SIGRTMEM_inner
    _get_argv_nomalloc.o(.text) refers (Special) to hrguard.o(.text) for __heap_region$guard
    _get_argv_nomalloc.o(.text) refers to defsig_rtmem_outer.o(.text) for __rt_SIGRTMEM
    _get_argv_nomalloc.o(.text) refers to sys_command.o(.text) for _sys_command_string
    libshutdown.o(.ARM.Collect$$libshutdown$$00000000) refers (Special) to libshutdown2.o(.ARM.Collect$$libshutdown$$00000002) for __rt_lib_shutdown_cpp_1
    libshutdown.o(.ARM.Collect$$libshutdown$$00000000) refers (Special) to libshutdown2.o(.ARM.Collect$$libshutdown$$00000007) for __rt_lib_shutdown_fp_trap_1
    libshutdown.o(.ARM.Collect$$libshutdown$$00000000) refers (Special) to libshutdown2.o(.ARM.Collect$$libshutdown$$0000000F) for __rt_lib_shutdown_heap_1
    libshutdown.o(.ARM.Collect$$libshutdown$$00000000) refers (Special) to libshutdown2.o(.ARM.Collect$$libshutdown$$00000010) for __rt_lib_shutdown_return
    libshutdown.o(.ARM.Collect$$libshutdown$$00000000) refers (Special) to libshutdown2.o(.ARM.Collect$$libshutdown$$0000000A) for __rt_lib_shutdown_signal_1
    libshutdown.o(.ARM.Collect$$libshutdown$$00000000) refers (Special) to libshutdown2.o(.ARM.Collect$$libshutdown$$00000004) for __rt_lib_shutdown_stdio_1
    libshutdown.o(.ARM.Collect$$libshutdown$$00000000) refers (Special) to libshutdown2.o(.ARM.Collect$$libshutdown$$0000000C) for __rt_lib_shutdown_user_alloc_1
    sys_command.o(.text) refers (Special) to use_no_semi.o(.text) for __I$use$semihosting
    sys_command.o(.text) refers (Special) to indicate_semi.o(.text) for __semihosting_library_function
    sys_command_hlt.o(.text) refers (Special) to use_no_semi.o(.text) for __I$use$semihosting
    sys_command_hlt.o(.text) refers (Special) to indicate_semi.o(.text) for __semihosting_library_function
    defsig_abrt_inner.o(.text) refers to defsig_general.o(.text) for __default_signal_display
    defsig_rtred_inner.o(.text) refers to defsig_general.o(.text) for __default_signal_display
    defsig_rtmem_inner.o(.text) refers to defsig_general.o(.text) for __default_signal_display
    defsig_rtmem_outer.o(.text) refers to defsig_rtmem_inner.o(.text) for __rt_SIGRTMEM_inner
    defsig_rtmem_outer.o(.text) refers to defsig_exit.o(.text) for __sig_exit
    defsig_rtmem_formal.o(.text) refers to rt_raise.o(.text) for __rt_raise
    defsig_stak_inner.o(.text) refers to defsig_general.o(.text) for __default_signal_display
    defsig_pvfn_inner.o(.text) refers to defsig_general.o(.text) for __default_signal_display
    defsig_cppl_inner.o(.text) refers to defsig_general.o(.text) for __default_signal_display
    defsig_segv_inner.o(.text) refers to defsig_general.o(.text) for __default_signal_display
    defsig_other.o(.text) refers to defsig_general.o(.text) for __default_signal_display


==============================================================================

Removing Unused input sections from the image.

    Removing system_nuc100series.o(.text), (0 bytes).
    Removing system_nuc100series.o(.text.SystemCoreClockUpdate), (152 bytes).
    Removing system_nuc100series.o(.ARM.exidx.text.SystemCoreClockUpdate), (8 bytes).
    Removing system_nuc100series.o(.ARM.exidx.text.SystemInit), (8 bytes).
    Removing system_nuc100series.o(.data..L_MergedGlobals), (44 bytes).
    Removing main.o(.text), (0 bytes).
    Removing main.o(.ARM.exidx.text.main), (8 bytes).
    Removing main.o(.ARM.exidx.text.Enable_Clocksources), (8 bytes).
    Removing main.o(.text.Clock_Init), (24 bytes).
    Removing main.o(.ARM.exidx.text.Clock_Init), (8 bytes).
    Removing main.o(.ARM.exidx.text.Keypad_Init), (8 bytes).
    Removing main.o(.ARM.exidx.text.LED_Init), (8 bytes).
    Removing main.o(.ARM.exidx.text.Seven_Seg_Init), (8 bytes).
    Removing main.o(.ARM.exidx.text.Rotate_Button_Init), (8 bytes).
    Removing main.o(.ARM.exidx.text.TMR0_Init), (8 bytes).
    Removing main.o(.ARM.exidx.text.TMR1_Init), (8 bytes).
    Removing main.o(.text.LED5_toggle), (20 bytes).
    Removing main.o(.ARM.exidx.text.LED5_toggle), (8 bytes).
    Removing main.o(.ARM.exidx.text.Display_Stopwatch), (8 bytes).
    Removing main.o(.ARM.exidx.text.Turn_Off_All_Digits), (8 bytes).
    Removing main.o(.ARM.exidx.text.DisplayCheckMode), (8 bytes).
    Removing main.o(.text.Debounce_Keypad), (48 bytes).
    Removing main.o(.ARM.exidx.text.Debounce_Keypad), (8 bytes).
    Removing main.o(.text.LED6_toggle), (20 bytes).
    Removing main.o(.ARM.exidx.text.LED6_toggle), (8 bytes).
    Removing main.o(.text.LED7_toggle), (20 bytes).
    Removing main.o(.ARM.exidx.text.LED7_toggle), (8 bytes).
    Removing main.o(.ARM.exidx.text.Select_Digit), (8 bytes).
    Removing main.o(.ARM.exidx.text.Display_Digit), (8 bytes).
    Removing main.o(.ARM.exidx.text.Delay), (8 bytes).
    Removing main.o(.ARM.exidx.text.Check_If_K1_Is_Pressed), (8 bytes).
    Removing main.o(.ARM.exidx.text.Check_If_K9_Is_Pressed), (8 bytes).
    Removing main.o(.ARM.exidx.text.Handle_Keypad_Button_Press), (8 bytes).
    Removing main.o(.text.Start_Stopwatch), (20 bytes).
    Removing main.o(.ARM.exidx.text.Start_Stopwatch), (8 bytes).
    Removing main.o(.text.Pause_Stopwatch), (20 bytes).
    Removing main.o(.ARM.exidx.text.Pause_Stopwatch), (8 bytes).
    Removing main.o(.ARM.exidx.text.Record_Lap), (8 bytes).
    Removing main.o(.text.Reset_Timer0), (20 bytes).
    Removing main.o(.ARM.exidx.text.Reset_Timer0), (8 bytes).
    Removing main.o(.ARM.exidx.text.Reset_Stopwatch), (8 bytes).
    Removing main.o(.ARM.exidx.text.GPAB_IRQHandler), (8 bytes).
    Removing main.o(.text.Clear_Pending_GPAB_INT), (28 bytes).
    Removing main.o(.ARM.exidx.text.Clear_Pending_GPAB_INT), (8 bytes).
    Removing main.o(.text.Turn_Off_LED), (40 bytes).
    Removing main.o(.ARM.exidx.text.Turn_Off_LED), (8 bytes).
    Removing main.o(.text.Turn_Off_All_LEDs), (36 bytes).
    Removing main.o(.ARM.exidx.text.Turn_Off_All_LEDs), (8 bytes).
    Removing main.o(.ARM.exidx.text.Count_Stopwatch), (8 bytes).
    Removing main.o(.ARM.exidx.text.TMR0_IRQHandler), (8 bytes).
    Removing main.o(.text.Clear_Pending_TMR0_INT), (16 bytes).
    Removing main.o(.ARM.exidx.text.Clear_Pending_TMR0_INT), (8 bytes).
    Removing main.o(.text.Resume_Stopwatch), (20 bytes).
    Removing main.o(.ARM.exidx.text.Resume_Stopwatch), (8 bytes).
    Removing main.o(.ARM.exidx.text.TMR1_IRQHandler), (8 bytes).
    Removing main.o(.text.Clear_Pending_TMR1_INT), (16 bytes).
    Removing main.o(.ARM.exidx.text.Clear_Pending_TMR1_INT), (8 bytes).
    Removing main.o(.text.Clear_Pending_EINT1_INT), (20 bytes).
    Removing main.o(.ARM.exidx.text.Clear_Pending_EINT1_INT), (8 bytes).
    Removing main.o(.ARM.exidx.text.Handle_Rotate_Button_Press), (8 bytes).
    Removing main.o(.ARM.exidx.text.EINT1_IRQHandler), (8 bytes).
    Removing main.o(.bss.is_K5_Pressed), (1 bytes).
    Removing main.o(.ARM.use_no_argv), (4 bytes).

63 unused section(s) (total 905 bytes) removed from the image.

==============================================================================

Image Symbol Table

    Local Symbols

    Symbol Name                              Value     Ov Type        Size  Object(Section)

    ../clib/angel/boardlib.s                 0x00000000   Number         0  boardinit1.o ABSOLUTE
    ../clib/angel/boardlib.s                 0x00000000   Number         0  boardinit2.o ABSOLUTE
    ../clib/angel/boardlib.s                 0x00000000   Number         0  boardinit3.o ABSOLUTE
    ../clib/angel/boardlib.s                 0x00000000   Number         0  boardshut.o ABSOLUTE
    ../clib/angel/handlers.s                 0x00000000   Number         0  __scatter_copy.o ABSOLUTE
    ../clib/angel/handlers.s                 0x00000000   Number         0  __scatter_zi.o ABSOLUTE
    ../clib/angel/kernel.s                   0x00000000   Number         0  __rtentry.o ABSOLUTE
    ../clib/angel/kernel.s                   0x00000000   Number         0  __rtentry2.o ABSOLUTE
    ../clib/angel/kernel.s                   0x00000000   Number         0  __rtentry4.o ABSOLUTE
    ../clib/angel/kernel.s                   0x00000000   Number         0  rtexit.o ABSOLUTE
    ../clib/angel/kernel.s                   0x00000000   Number         0  rtexit2.o ABSOLUTE
    ../clib/angel/rt.s                       0x00000000   Number         0  aeabi_idiv0.o ABSOLUTE
    ../clib/angel/rt.s                       0x00000000   Number         0  aeabi_idiv0_sigfpe.o ABSOLUTE
    ../clib/angel/rt.s                       0x00000000   Number         0  rt_div0.o ABSOLUTE
    ../clib/angel/rt.s                       0x00000000   Number         0  rt_raise.o ABSOLUTE
    ../clib/angel/scatterp.s                 0x00000000   Number         0  __scatter.o ABSOLUTE
    ../clib/angel/startup.s                  0x00000000   Number         0  __main.o ABSOLUTE
    ../clib/angel/sys.s                      0x00000000   Number         0  sys_stackheap_outer.o ABSOLUTE
    ../clib/angel/sys.s                      0x00000000   Number         0  libspace.o ABSOLUTE
    ../clib/angel/sys.s                      0x00000000   Number         0  tempstk.o ABSOLUTE
    ../clib/angel/sys.s                      0x00000000   Number         0  use_no_semi.o ABSOLUTE
    ../clib/angel/sys.s                      0x00000000   Number         0  indicate_semi.o ABSOLUTE
    ../clib/angel/sysapp.c                   0x00000000   Number         0  sys_exit.o ABSOLUTE
    ../clib/angel/sysapp.c                   0x00000000   Number         0  sys_exit_hlt.o ABSOLUTE
    ../clib/angel/sysapp.c                   0x00000000   Number         0  sys_wrch.o ABSOLUTE
    ../clib/angel/sysapp.c                   0x00000000   Number         0  sys_wrch_hlt.o ABSOLUTE
    ../clib/angel/sysapp.c                   0x00000000   Number         0  sys_command.o ABSOLUTE
    ../clib/angel/sysapp.c                   0x00000000   Number         0  sys_command_hlt.o ABSOLUTE
    ../clib/armsys.c                         0x00000000   Number         0  argv_veneer.o ABSOLUTE
    ../clib/armsys.c                         0x00000000   Number         0  _get_argv_nomalloc.o ABSOLUTE
    ../clib/armsys.c                         0x00000000   Number         0  no_argv.o ABSOLUTE
    ../clib/division.s                       0x00000000   Number         0  aeabi_sdiv.o ABSOLUTE
    ../clib/division.s                       0x00000000   Number         0  aeabi_sdiv_div0.o ABSOLUTE
    ../clib/heapalloc.c                      0x00000000   Number         0  hrguard.o ABSOLUTE
    ../clib/heapaux.c                        0x00000000   Number         0  heapauxi.o ABSOLUTE
    ../clib/libinit.s                        0x00000000   Number         0  libinit.o ABSOLUTE
    ../clib/libinit.s                        0x00000000   Number         0  libinit2.o ABSOLUTE
    ../clib/libinit.s                        0x00000000   Number         0  libshutdown.o ABSOLUTE
    ../clib/libinit.s                        0x00000000   Number         0  libshutdown2.o ABSOLUTE
    ../clib/signal.c                         0x00000000   Number         0  defsig_fpe_outer.o ABSOLUTE
    ../clib/signal.c                         0x00000000   Number         0  defsig_fpe_formal.o ABSOLUTE
    ../clib/signal.c                         0x00000000   Number         0  defsig_exit.o ABSOLUTE
    ../clib/signal.c                         0x00000000   Number         0  defsig_fpe_inner.o ABSOLUTE
    ../clib/signal.c                         0x00000000   Number         0  __raise.o ABSOLUTE
    ../clib/signal.c                         0x00000000   Number         0  defsig_general.o ABSOLUTE
    ../clib/signal.c                         0x00000000   Number         0  defsig_abrt_inner.o ABSOLUTE
    ../clib/signal.c                         0x00000000   Number         0  defsig_rtred_inner.o ABSOLUTE
    ../clib/signal.c                         0x00000000   Number         0  defsig_rtmem_inner.o ABSOLUTE
    ../clib/signal.c                         0x00000000   Number         0  defsig_rtmem_outer.o ABSOLUTE
    ../clib/signal.c                         0x00000000   Number         0  defsig_rtmem_formal.o ABSOLUTE
    ../clib/signal.c                         0x00000000   Number         0  defsig_stak_inner.o ABSOLUTE
    ../clib/signal.c                         0x00000000   Number         0  defsig_pvfn_inner.o ABSOLUTE
    ../clib/signal.c                         0x00000000   Number         0  defsig_cppl_inner.o ABSOLUTE
    ../clib/signal.c                         0x00000000   Number         0  defsig_segv_inner.o ABSOLUTE
    ../clib/signal.c                         0x00000000   Number         0  defsig_other.o ABSOLUTE
    ../clib/signal.s                         0x00000000   Number         0  defsig.o ABSOLUTE
    ../clib/stdlib.c                         0x00000000   Number         0  exit.o ABSOLUTE
    ../fplib/cfplib/fpinit.c                 0x00000000   Number         0  fpinit.o ABSOLUTE
    C:/Keil_v5/Library/NUC100Series/Source/ARM/startup_NUC100Series.s 0x00000000   Number         0  startup_nuc100series.o ABSOLUTE
    dc.s                                     0x00000000   Number         0  dc.o ABSOLUTE
    main.c                                   0x00000000   Number         0  main.o ABSOLUTE
    system_NUC100Series.c                    0x00000000   Number         0  system_nuc100series.o ABSOLUTE
    RESET                                    0x00000000   Section      192  startup_nuc100series.o(RESET)
    !!!main                                  0x000000c0   Section        8  __main.o(!!!main)
    !!!scatter                               0x000000c8   Section       60  __scatter.o(!!!scatter)
    !!handler_copy                           0x00000104   Section       26  __scatter_copy.o(!!handler_copy)
    !!handler_zi                             0x00000120   Section       28  __scatter_zi.o(!!handler_zi)
    .ARM.Collect$$libinit$$00000000          0x0000013c   Section        2  libinit.o(.ARM.Collect$$libinit$$00000000)
    .ARM.Collect$$libinit$$00000002          0x0000013e   Section        0  libinit2.o(.ARM.Collect$$libinit$$00000002)
    .ARM.Collect$$libinit$$00000004          0x0000013e   Section        0  libinit2.o(.ARM.Collect$$libinit$$00000004)
    .ARM.Collect$$libinit$$0000000A          0x0000013e   Section        0  libinit2.o(.ARM.Collect$$libinit$$0000000A)
    .ARM.Collect$$libinit$$0000000C          0x0000013e   Section        0  libinit2.o(.ARM.Collect$$libinit$$0000000C)
    .ARM.Collect$$libinit$$0000000E          0x0000013e   Section        0  libinit2.o(.ARM.Collect$$libinit$$0000000E)
    .ARM.Collect$$libinit$$00000011          0x0000013e   Section        0  libinit2.o(.ARM.Collect$$libinit$$00000011)
    .ARM.Collect$$libinit$$00000013          0x0000013e   Section        0  libinit2.o(.ARM.Collect$$libinit$$00000013)
    .ARM.Collect$$libinit$$00000015          0x0000013e   Section        0  libinit2.o(.ARM.Collect$$libinit$$00000015)
    .ARM.Collect$$libinit$$00000017          0x0000013e   Section        0  libinit2.o(.ARM.Collect$$libinit$$00000017)
    .ARM.Collect$$libinit$$00000019          0x0000013e   Section        0  libinit2.o(.ARM.Collect$$libinit$$00000019)
    .ARM.Collect$$libinit$$0000001B          0x0000013e   Section        0  libinit2.o(.ARM.Collect$$libinit$$0000001B)
    .ARM.Collect$$libinit$$0000001D          0x0000013e   Section        0  libinit2.o(.ARM.Collect$$libinit$$0000001D)
    .ARM.Collect$$libinit$$0000001F          0x0000013e   Section        0  libinit2.o(.ARM.Collect$$libinit$$0000001F)
    .ARM.Collect$$libinit$$00000021          0x0000013e   Section        0  libinit2.o(.ARM.Collect$$libinit$$00000021)
    .ARM.Collect$$libinit$$00000023          0x0000013e   Section        0  libinit2.o(.ARM.Collect$$libinit$$00000023)
    .ARM.Collect$$libinit$$00000025          0x0000013e   Section        0  libinit2.o(.ARM.Collect$$libinit$$00000025)
    .ARM.Collect$$libinit$$0000002C          0x0000013e   Section        0  libinit2.o(.ARM.Collect$$libinit$$0000002C)
    .ARM.Collect$$libinit$$0000002E          0x0000013e   Section        0  libinit2.o(.ARM.Collect$$libinit$$0000002E)
    .ARM.Collect$$libinit$$00000030          0x0000013e   Section        0  libinit2.o(.ARM.Collect$$libinit$$00000030)
    .ARM.Collect$$libinit$$00000032          0x0000013e   Section        0  libinit2.o(.ARM.Collect$$libinit$$00000032)
    .ARM.Collect$$libinit$$00000033          0x0000013e   Section        2  libinit2.o(.ARM.Collect$$libinit$$00000033)
    .ARM.Collect$$libshutdown$$00000000      0x00000140   Section        2  libshutdown.o(.ARM.Collect$$libshutdown$$00000000)
    .ARM.Collect$$libshutdown$$00000002      0x00000142   Section        0  libshutdown2.o(.ARM.Collect$$libshutdown$$00000002)
    .ARM.Collect$$libshutdown$$00000004      0x00000142   Section        0  libshutdown2.o(.ARM.Collect$$libshutdown$$00000004)
    .ARM.Collect$$libshutdown$$00000007      0x00000142   Section        0  libshutdown2.o(.ARM.Collect$$libshutdown$$00000007)
    .ARM.Collect$$libshutdown$$0000000A      0x00000142   Section        0  libshutdown2.o(.ARM.Collect$$libshutdown$$0000000A)
    .ARM.Collect$$libshutdown$$0000000C      0x00000142   Section        0  libshutdown2.o(.ARM.Collect$$libshutdown$$0000000C)
    .ARM.Collect$$libshutdown$$0000000F      0x00000142   Section        0  libshutdown2.o(.ARM.Collect$$libshutdown$$0000000F)
    .ARM.Collect$$libshutdown$$00000010      0x00000142   Section        2  libshutdown2.o(.ARM.Collect$$libshutdown$$00000010)
    .ARM.Collect$$rtentry$$00000000          0x00000144   Section        0  __rtentry.o(.ARM.Collect$$rtentry$$00000000)
    .ARM.Collect$$rtentry$$00000002          0x00000144   Section        0  __rtentry2.o(.ARM.Collect$$rtentry$$00000002)
    .ARM.Collect$$rtentry$$00000004          0x00000144   Section        6  __rtentry4.o(.ARM.Collect$$rtentry$$00000004)
    .ARM.Collect$$rtentry$$00000009          0x0000014a   Section        0  __rtentry2.o(.ARM.Collect$$rtentry$$00000009)
    .ARM.Collect$$rtentry$$0000000A          0x0000014a   Section        4  __rtentry2.o(.ARM.Collect$$rtentry$$0000000A)
    .ARM.Collect$$rtentry$$0000000C          0x0000014e   Section        0  __rtentry2.o(.ARM.Collect$$rtentry$$0000000C)
    .ARM.Collect$$rtentry$$0000000D          0x0000014e   Section        8  __rtentry2.o(.ARM.Collect$$rtentry$$0000000D)
    .ARM.Collect$$rtexit$$00000000           0x00000156   Section        2  rtexit.o(.ARM.Collect$$rtexit$$00000000)
    .ARM.Collect$$rtexit$$00000002           0x00000158   Section        0  rtexit2.o(.ARM.Collect$$rtexit$$00000002)
    .ARM.Collect$$rtexit$$00000003           0x00000158   Section        4  rtexit2.o(.ARM.Collect$$rtexit$$00000003)
    .ARM.Collect$$rtexit$$00000004           0x0000015c   Section        6  rtexit2.o(.ARM.Collect$$rtexit$$00000004)
    .text                                    0x00000164   Section      100  startup_nuc100series.o(.text)
    Default_Handler                          0x0000018f   Thumb Code     2  startup_nuc100series.o(.text)
    .text                                    0x000001c8   Section      364  aeabi_sdiv.o(.text)
    .text                                    0x00000334   Section        0  heapauxi.o(.text)
    .text                                    0x0000033a   Section       62  sys_stackheap_outer.o(.text)
    .text                                    0x00000378   Section        0  exit.o(.text)
    .text                                    0x00000388   Section        8  libspace.o(.text)
    .text                                    0x00000390   Section        0  sys_exit.o(.text)
    .text                                    0x0000039c   Section        2  use_no_semi.o(.text)
    .text                                    0x0000039e   Section        0  indicate_semi.o(.text)
    [Anonymous Symbol]                       0x000003a0   Section        0  main.o(.text.Check_If_K1_Is_Pressed)
    [Anonymous Symbol]                       0x000003c8   Section        0  main.o(.text.Check_If_K9_Is_Pressed)
    __arm_cp.20_0                            0x000003f0   Number         4  main.o(.text.Check_If_K9_Is_Pressed)
    [Anonymous Symbol]                       0x000003f4   Section        0  main.o(.text.Count_Stopwatch)
    [Anonymous Symbol]                       0x00000474   Section        0  main.o(.text.Delay)
    __arm_cp.18_0                            0x00000490   Number         4  main.o(.text.Delay)
    [Anonymous Symbol]                       0x00000494   Section        0  main.o(.text.DisplayCheckMode)
    [Anonymous Symbol]                       0x000004d4   Section        0  main.o(.text.Display_Digit)
    __arm_cp.17_0                            0x000004e8   Number         4  main.o(.text.Display_Digit)
    [Anonymous Symbol]                       0x000004ec   Section        0  main.o(.text.Display_Stopwatch)
    __arm_cp.10_1                            0x0000050c   Number         4  main.o(.text.Display_Stopwatch)
    [Anonymous Symbol]                       0x00000510   Section        0  main.o(.text.EINT1_IRQHandler)
    __arm_cp.39_1                            0x0000052c   Number         4  main.o(.text.EINT1_IRQHandler)
    [Anonymous Symbol]                       0x00000530   Section        0  main.o(.text.Enable_Clocksources)
    __arm_cp.1_0                             0x0000056c   Number         4  main.o(.text.Enable_Clocksources)
    [Anonymous Symbol]                       0x00000570   Section        0  main.o(.text.GPAB_IRQHandler)
    __arm_cp.27_1                            0x0000059c   Number         4  main.o(.text.GPAB_IRQHandler)
    __arm_cp.27_2                            0x000005a0   Number         4  main.o(.text.GPAB_IRQHandler)
    __arm_cp.27_3                            0x000005a4   Number         4  main.o(.text.GPAB_IRQHandler)
    [Anonymous Symbol]                       0x000005a8   Section        0  main.o(.text.Handle_Keypad_Button_Press)
    [Anonymous Symbol]                       0x00000664   Section        0  main.o(.text.Handle_Rotate_Button_Press)
    __arm_cp.38_1                            0x0000068c   Number         4  main.o(.text.Handle_Rotate_Button_Press)
    [Anonymous Symbol]                       0x00000690   Section        0  main.o(.text.Keypad_Init)
    __arm_cp.3_0                             0x000006fc   Number         4  main.o(.text.Keypad_Init)
    __arm_cp.3_2                             0x00000700   Number         4  main.o(.text.Keypad_Init)
    [Anonymous Symbol]                       0x00000704   Section        0  main.o(.text.LED_Init)
    [Anonymous Symbol]                       0x00000750   Section        0  main.o(.text.Record_Lap)
    [Anonymous Symbol]                       0x00000780   Section        0  main.o(.text.Reset_Stopwatch)
    __arm_cp.26_0                            0x00000794   Number         4  main.o(.text.Reset_Stopwatch)
    [Anonymous Symbol]                       0x00000798   Section        0  main.o(.text.Rotate_Button_Init)
    __arm_cp.6_0                             0x000007dc   Number         4  main.o(.text.Rotate_Button_Init)
    __arm_cp.6_1                             0x000007e0   Number         4  main.o(.text.Rotate_Button_Init)
    __arm_cp.6_3                             0x000007e4   Number         4  main.o(.text.Rotate_Button_Init)
    __arm_cp.6_4                             0x000007e8   Number         4  main.o(.text.Rotate_Button_Init)
    [Anonymous Symbol]                       0x000007ec   Section        0  main.o(.text.Select_Digit)
    __arm_cp.16_1                            0x00000858   Number         4  main.o(.text.Select_Digit)
    __arm_cp.16_2                            0x0000085c   Number         4  main.o(.text.Select_Digit)
    [Anonymous Symbol]                       0x00000860   Section        0  main.o(.text.Seven_Seg_Init)
    __arm_cp.5_0                             0x0000088c   Number         4  main.o(.text.Seven_Seg_Init)
    __arm_cp.5_1                             0x00000890   Number         4  main.o(.text.Seven_Seg_Init)
    __arm_cp.5_2                             0x00000894   Number         4  main.o(.text.Seven_Seg_Init)
    [Anonymous Symbol]                       0x00000898   Section        0  system_nuc100series.o(.text.SystemInit)
    [Anonymous Symbol]                       0x0000089c   Section        0  main.o(.text.TMR0_IRQHandler)
    __arm_cp.32_0                            0x000008c0   Number         4  main.o(.text.TMR0_IRQHandler)
    __arm_cp.32_1                            0x000008c4   Number         4  main.o(.text.TMR0_IRQHandler)
    [Anonymous Symbol]                       0x000008c8   Section        0  main.o(.text.TMR0_Init)
    __arm_cp.7_1                             0x0000093c   Number         4  main.o(.text.TMR0_Init)
    __arm_cp.7_2                             0x00000940   Number         4  main.o(.text.TMR0_Init)
    [Anonymous Symbol]                       0x00000944   Section        0  main.o(.text.TMR1_IRQHandler)
    __arm_cp.35_0                            0x000009a4   Number         4  main.o(.text.TMR1_IRQHandler)
    __arm_cp.35_2                            0x000009b4   Number         4  main.o(.text.TMR1_IRQHandler)
    __arm_cp.35_5                            0x000009d0   Number         4  main.o(.text.TMR1_IRQHandler)
    [Anonymous Symbol]                       0x000009d4   Section        0  main.o(.text.TMR1_Init)
    __arm_cp.8_0                             0x00000a4c   Number         4  main.o(.text.TMR1_Init)
    __arm_cp.8_1                             0x00000a50   Number         4  main.o(.text.TMR1_Init)
    __arm_cp.8_2                             0x00000a54   Number         4  main.o(.text.TMR1_Init)
    __arm_cp.8_3                             0x00000a58   Number         4  main.o(.text.TMR1_Init)
    __arm_cp.8_4                             0x00000a5c   Number         4  main.o(.text.TMR1_Init)
    [Anonymous Symbol]                       0x00000a60   Section        0  main.o(.text.Turn_Off_All_Digits)
    [Anonymous Symbol]                       0x00000a84   Section        0  main.o(.text.main)
    __arm_cp.0_0                             0x00000b04   Number         4  main.o(.text.main)
    __arm_cp.0_1                             0x00000b08   Number         4  main.o(.text.main)
    __arm_cp.0_2                             0x00000b0c   Number         4  main.o(.text.main)
    __arm_cp.0_3                             0x00000b10   Number         4  main.o(.text.main)
    .bss                                     0x20000030   Section       96  libspace.o(.bss)
    [Anonymous Symbol]                       0x20000090   Section        0  main.o(.bss..L_MergedGlobals)
    current_row                              0x20000094   Data           4  main.o(.bss..L_MergedGlobals)
    lap_number                               0x20000098   Data           4  main.o(.bss..L_MergedGlobals)
    fourth_digit                             0x2000009c   Data           4  main.o(.bss..L_MergedGlobals)
    third_digit                              0x200000a0   Data           4  main.o(.bss..L_MergedGlobals)
    second_digit                             0x200000a4   Data           4  main.o(.bss..L_MergedGlobals)
    first_digit                              0x200000a8   Data           4  main.o(.bss..L_MergedGlobals)
    millisecond_count                        0x200000ac   Data           4  main.o(.bss..L_MergedGlobals)
    second_count                             0x200000b0   Data           4  main.o(.bss..L_MergedGlobals)
    minute_count                             0x200000b4   Data           4  main.o(.bss..L_MergedGlobals)
    lap_number_to_display                    0x200000b8   Data           4  main.o(.bss..L_MergedGlobals)
    Heap_Mem                                 0x200000f8   Data           0  startup_nuc100series.o(HEAP)
    Stack_Mem                                0x200000f8   Data        1024  startup_nuc100series.o(STACK)
    HEAP                                     0x200000f8   Section        0  startup_nuc100series.o(HEAP)
    STACK                                    0x200000f8   Section     1024  startup_nuc100series.o(STACK)
    __initial_sp                             0x200004f8   Data           0  startup_nuc100series.o(STACK)

    Global Symbols

    Symbol Name                              Value     Ov Type        Size  Object(Section)

    BuildAttributes$$THM_ISAv3M$S$PE$A:L22$X:L11$S22$IEEE1$IW$~IW$USESV6$~STKCKD$USESV7$~SHL$OSPACE$ROPI$EBA8$UX$STANDARDLIB$REQ8$PRES8$EABIv2 0x00000000   Number         0  anon$$obj.o ABSOLUTE
    __Vectors                                0x00000000   Data           4  startup_nuc100series.o(RESET)
    __ARM_exceptions_init                     - Undefined Weak Reference
    __alloca_initialize                       - Undefined Weak Reference
    __arm_preinit_                            - Undefined Weak Reference
    __cpp_initialize__aeabi_                  - Undefined Weak Reference
    __cxa_finalize                            - Undefined Weak Reference
    __rt_locale                               - Undefined Weak Reference
    __sigvec_lookup                           - Undefined Weak Reference
    _atexit_init                              - Undefined Weak Reference
    _call_atexit_fns                          - Undefined Weak Reference
    _clock_init                               - Undefined Weak Reference
    _fp_trap_init                             - Undefined Weak Reference
    _fp_trap_shutdown                         - Undefined Weak Reference
    _get_lc_collate                           - Undefined Weak Reference
    _get_lc_ctype                             - Undefined Weak Reference
    _get_lc_monetary                          - Undefined Weak Reference
    _get_lc_numeric                           - Undefined Weak Reference
    _get_lc_time                              - Undefined Weak Reference
    _getenv_init                              - Undefined Weak Reference
    _handle_redirection                       - Undefined Weak Reference
    _init_alloc                               - Undefined Weak Reference
    _init_user_alloc                          - Undefined Weak Reference
    _initio                                   - Undefined Weak Reference
    _rand_init                                - Undefined Weak Reference
    _signal_finish                            - Undefined Weak Reference
    _signal_init                              - Undefined Weak Reference
    _terminate_alloc                          - Undefined Weak Reference
    _terminate_user_alloc                     - Undefined Weak Reference
    _terminateio                              - Undefined Weak Reference
    __main                                   0x000000c1   Thumb Code     8  __main.o(!!!main)
    __scatterload                            0x000000c9   Thumb Code     0  __scatter.o(!!!scatter)
    __scatterload_rt2                        0x000000c9   Thumb Code    52  __scatter.o(!!!scatter)
    __scatterload_rt2_thumb_only             0x000000c9   Thumb Code     0  __scatter.o(!!!scatter)
    __scatterload_null                       0x000000d9   Thumb Code     0  __scatter.o(!!!scatter)
    __scatterload_copy                       0x00000105   Thumb Code    26  __scatter_copy.o(!!handler_copy)
    __scatterload_zeroinit                   0x00000121   Thumb Code    28  __scatter_zi.o(!!handler_zi)
    __rt_lib_init                            0x0000013d   Thumb Code     0  libinit.o(.ARM.Collect$$libinit$$00000000)
    __rt_lib_init_alloca_1                   0x0000013f   Thumb Code     0  libinit2.o(.ARM.Collect$$libinit$$0000002E)
    __rt_lib_init_argv_1                     0x0000013f   Thumb Code     0  libinit2.o(.ARM.Collect$$libinit$$0000002C)
    __rt_lib_init_atexit_1                   0x0000013f   Thumb Code     0  libinit2.o(.ARM.Collect$$libinit$$0000001B)
    __rt_lib_init_clock_1                    0x0000013f   Thumb Code     0  libinit2.o(.ARM.Collect$$libinit$$00000021)
    __rt_lib_init_cpp_1                      0x0000013f   Thumb Code     0  libinit2.o(.ARM.Collect$$libinit$$00000032)
    __rt_lib_init_exceptions_1               0x0000013f   Thumb Code     0  libinit2.o(.ARM.Collect$$libinit$$00000030)
    __rt_lib_init_fp_1                       0x0000013f   Thumb Code     0  libinit2.o(.ARM.Collect$$libinit$$00000002)
    __rt_lib_init_fp_trap_1                  0x0000013f   Thumb Code     0  libinit2.o(.ARM.Collect$$libinit$$0000001F)
    __rt_lib_init_getenv_1                   0x0000013f   Thumb Code     0  libinit2.o(.ARM.Collect$$libinit$$00000023)
    __rt_lib_init_heap_1                     0x0000013f   Thumb Code     0  libinit2.o(.ARM.Collect$$libinit$$0000000A)
    __rt_lib_init_lc_collate_1               0x0000013f   Thumb Code     0  libinit2.o(.ARM.Collect$$libinit$$00000011)
    __rt_lib_init_lc_ctype_1                 0x0000013f   Thumb Code     0  libinit2.o(.ARM.Collect$$libinit$$00000013)
    __rt_lib_init_lc_monetary_1              0x0000013f   Thumb Code     0  libinit2.o(.ARM.Collect$$libinit$$00000015)
    __rt_lib_init_lc_numeric_1               0x0000013f   Thumb Code     0  libinit2.o(.ARM.Collect$$libinit$$00000017)
    __rt_lib_init_lc_time_1                  0x0000013f   Thumb Code     0  libinit2.o(.ARM.Collect$$libinit$$00000019)
    __rt_lib_init_preinit_1                  0x0000013f   Thumb Code     0  libinit2.o(.ARM.Collect$$libinit$$00000004)
    __rt_lib_init_rand_1                     0x0000013f   Thumb Code     0  libinit2.o(.ARM.Collect$$libinit$$0000000E)
    __rt_lib_init_return                     0x0000013f   Thumb Code     0  libinit2.o(.ARM.Collect$$libinit$$00000033)
    __rt_lib_init_signal_1                   0x0000013f   Thumb Code     0  libinit2.o(.ARM.Collect$$libinit$$0000001D)
    __rt_lib_init_stdio_1                    0x0000013f   Thumb Code     0  libinit2.o(.ARM.Collect$$libinit$$00000025)
    __rt_lib_init_user_alloc_1               0x0000013f   Thumb Code     0  libinit2.o(.ARM.Collect$$libinit$$0000000C)
    __rt_lib_shutdown                        0x00000141   Thumb Code     0  libshutdown.o(.ARM.Collect$$libshutdown$$00000000)
    __rt_lib_shutdown_cpp_1                  0x00000143   Thumb Code     0  libshutdown2.o(.ARM.Collect$$libshutdown$$00000002)
    __rt_lib_shutdown_fp_trap_1              0x00000143   Thumb Code     0  libshutdown2.o(.ARM.Collect$$libshutdown$$00000007)
    __rt_lib_shutdown_heap_1                 0x00000143   Thumb Code     0  libshutdown2.o(.ARM.Collect$$libshutdown$$0000000F)
    __rt_lib_shutdown_return                 0x00000143   Thumb Code     0  libshutdown2.o(.ARM.Collect$$libshutdown$$00000010)
    __rt_lib_shutdown_signal_1               0x00000143   Thumb Code     0  libshutdown2.o(.ARM.Collect$$libshutdown$$0000000A)
    __rt_lib_shutdown_stdio_1                0x00000143   Thumb Code     0  libshutdown2.o(.ARM.Collect$$libshutdown$$00000004)
    __rt_lib_shutdown_user_alloc_1           0x00000143   Thumb Code     0  libshutdown2.o(.ARM.Collect$$libshutdown$$0000000C)
    __rt_entry                               0x00000145   Thumb Code     0  __rtentry.o(.ARM.Collect$$rtentry$$00000000)
    __rt_entry_presh_1                       0x00000145   Thumb Code     0  __rtentry2.o(.ARM.Collect$$rtentry$$00000002)
    __rt_entry_sh                            0x00000145   Thumb Code     0  __rtentry4.o(.ARM.Collect$$rtentry$$00000004)
    __rt_entry_li                            0x0000014b   Thumb Code     0  __rtentry2.o(.ARM.Collect$$rtentry$$0000000A)
    __rt_entry_postsh_1                      0x0000014b   Thumb Code     0  __rtentry2.o(.ARM.Collect$$rtentry$$00000009)
    __rt_entry_main                          0x0000014f   Thumb Code     0  __rtentry2.o(.ARM.Collect$$rtentry$$0000000D)
    __rt_entry_postli_1                      0x0000014f   Thumb Code     0  __rtentry2.o(.ARM.Collect$$rtentry$$0000000C)
    __rt_exit                                0x00000157   Thumb Code     0  rtexit.o(.ARM.Collect$$rtexit$$00000000)
    __rt_exit_ls                             0x00000159   Thumb Code     0  rtexit2.o(.ARM.Collect$$rtexit$$00000003)
    __rt_exit_prels_1                        0x00000159   Thumb Code     0  rtexit2.o(.ARM.Collect$$rtexit$$00000002)
    __rt_exit_exit                           0x0000015d   Thumb Code     0  rtexit2.o(.ARM.Collect$$rtexit$$00000004)
    Reset_Handler                            0x00000165   Thumb Code    32  startup_nuc100series.o(.text)
    NMI_Handler                              0x00000185   Thumb Code     2  startup_nuc100series.o(.text)
    HardFault_Handler                        0x00000187   Thumb Code     2  startup_nuc100series.o(.text)
    SVC_Handler                              0x00000189   Thumb Code     2  startup_nuc100series.o(.text)
    PendSV_Handler                           0x0000018b   Thumb Code     2  startup_nuc100series.o(.text)
    SysTick_Handler                          0x0000018d   Thumb Code     2  startup_nuc100series.o(.text)
    ACMP_IRQHandler                          0x0000018f   Thumb Code     0  startup_nuc100series.o(.text)
    ADC_IRQHandler                           0x0000018f   Thumb Code     0  startup_nuc100series.o(.text)
    BOD_IRQHandler                           0x0000018f   Thumb Code     0  startup_nuc100series.o(.text)
    CAN0_IRQHandler                          0x0000018f   Thumb Code     0  startup_nuc100series.o(.text)
    CAN1_IRQHandler                          0x0000018f   Thumb Code     0  startup_nuc100series.o(.text)
    EINT0_IRQHandler                         0x0000018f   Thumb Code     0  startup_nuc100series.o(.text)
    GPCDEF_IRQHandler                        0x0000018f   Thumb Code     0  startup_nuc100series.o(.text)
    I2C0_IRQHandler                          0x0000018f   Thumb Code     0  startup_nuc100series.o(.text)
    I2C1_IRQHandler                          0x0000018f   Thumb Code     0  startup_nuc100series.o(.text)
    I2S_IRQHandler                           0x0000018f   Thumb Code     0  startup_nuc100series.o(.text)
    PDMA_IRQHandler                          0x0000018f   Thumb Code     0  startup_nuc100series.o(.text)
    PS2_IRQHandler                           0x0000018f   Thumb Code     0  startup_nuc100series.o(.text)
    PWM0_IRQHandler                          0x0000018f   Thumb Code     0  startup_nuc100series.o(.text)
    PWM1_IRQHandler                          0x0000018f   Thumb Code     0  startup_nuc100series.o(.text)
    PWRWU_IRQHandler                         0x0000018f   Thumb Code     0  startup_nuc100series.o(.text)
    RTC_IRQHandler                           0x0000018f   Thumb Code     0  startup_nuc100series.o(.text)
    SC012_IRQHandler                         0x0000018f   Thumb Code     0  startup_nuc100series.o(.text)
    SPI0_IRQHandler                          0x0000018f   Thumb Code     0  startup_nuc100series.o(.text)
    SPI1_IRQHandler                          0x0000018f   Thumb Code     0  startup_nuc100series.o(.text)
    SPI2_IRQHandler                          0x0000018f   Thumb Code     0  startup_nuc100series.o(.text)
    SPI3_IRQHandler                          0x0000018f   Thumb Code     0  startup_nuc100series.o(.text)
    TMR2_IRQHandler                          0x0000018f   Thumb Code     0  startup_nuc100series.o(.text)
    TMR3_IRQHandler                          0x0000018f   Thumb Code     0  startup_nuc100series.o(.text)
    UART02_IRQHandler                        0x0000018f   Thumb Code     0  startup_nuc100series.o(.text)
    UART1_IRQHandler                         0x0000018f   Thumb Code     0  startup_nuc100series.o(.text)
    USBD_IRQHandler                          0x0000018f   Thumb Code     0  startup_nuc100series.o(.text)
    WDT_IRQHandler                           0x0000018f   Thumb Code     0  startup_nuc100series.o(.text)
    __user_initial_stackheap                 0x00000191   Thumb Code     0  startup_nuc100series.o(.text)
    __aeabi_uidiv                            0x000001c9   Thumb Code     0  aeabi_sdiv.o(.text)
    __aeabi_uidivmod                         0x000001c9   Thumb Code    20  aeabi_sdiv.o(.text)
    __aeabi_idiv                             0x000001dd   Thumb Code     0  aeabi_sdiv.o(.text)
    __aeabi_idivmod                          0x000001dd   Thumb Code   338  aeabi_sdiv.o(.text)
    __use_two_region_memory                  0x00000335   Thumb Code     2  heapauxi.o(.text)
    __rt_heap_escrow$2region                 0x00000337   Thumb Code     2  heapauxi.o(.text)
    __rt_heap_expand$2region                 0x00000339   Thumb Code     2  heapauxi.o(.text)
    __user_setup_stackheap                   0x0000033b   Thumb Code    62  sys_stackheap_outer.o(.text)
    exit                                     0x00000379   Thumb Code    16  exit.o(.text)
    __user_libspace                          0x00000389   Thumb Code     8  libspace.o(.text)
    __user_perproc_libspace                  0x00000389   Thumb Code     0  libspace.o(.text)
    __user_perthread_libspace                0x00000389   Thumb Code     0  libspace.o(.text)
    _sys_exit                                0x00000391   Thumb Code     8  sys_exit.o(.text)
    __I$use$semihosting                      0x0000039d   Thumb Code     0  use_no_semi.o(.text)
    __use_no_semihosting_swi                 0x0000039d   Thumb Code     2  use_no_semi.o(.text)
    __semihosting_library_function           0x0000039f   Thumb Code     0  indicate_semi.o(.text)
    Check_If_K1_Is_Pressed                   0x000003a1   Thumb Code    40  main.o(.text.Check_If_K1_Is_Pressed)
    Check_If_K9_Is_Pressed                   0x000003c9   Thumb Code    44  main.o(.text.Check_If_K9_Is_Pressed)
    Count_Stopwatch                          0x000003f5   Thumb Code   128  main.o(.text.Count_Stopwatch)
    Delay                                    0x00000475   Thumb Code    32  main.o(.text.Delay)
    DisplayCheckMode                         0x00000495   Thumb Code    64  main.o(.text.DisplayCheckMode)
    Display_Digit                            0x000004d5   Thumb Code    24  main.o(.text.Display_Digit)
    Display_Stopwatch                        0x000004ed   Thumb Code    36  main.o(.text.Display_Stopwatch)
    EINT1_IRQHandler                         0x00000511   Thumb Code    32  main.o(.text.EINT1_IRQHandler)
    Enable_Clocksources                      0x00000531   Thumb Code    64  main.o(.text.Enable_Clocksources)
    GPAB_IRQHandler                          0x00000571   Thumb Code    56  main.o(.text.GPAB_IRQHandler)
    Handle_Keypad_Button_Press               0x000005a9   Thumb Code   188  main.o(.text.Handle_Keypad_Button_Press)
    Handle_Rotate_Button_Press               0x00000665   Thumb Code    44  main.o(.text.Handle_Rotate_Button_Press)
    Keypad_Init                              0x00000691   Thumb Code   116  main.o(.text.Keypad_Init)
    LED_Init                                 0x00000705   Thumb Code    76  main.o(.text.LED_Init)
    Record_Lap                               0x00000751   Thumb Code    48  main.o(.text.Record_Lap)
    Reset_Stopwatch                          0x00000781   Thumb Code    24  main.o(.text.Reset_Stopwatch)
    Rotate_Button_Init                       0x00000799   Thumb Code    84  main.o(.text.Rotate_Button_Init)
    Select_Digit                             0x000007ed   Thumb Code   116  main.o(.text.Select_Digit)
    Seven_Seg_Init                           0x00000861   Thumb Code    56  main.o(.text.Seven_Seg_Init)
    SystemInit                               0x00000899   Thumb Code     2  system_nuc100series.o(.text.SystemInit)
    TMR0_IRQHandler                          0x0000089d   Thumb Code    44  main.o(.text.TMR0_IRQHandler)
    TMR0_Init                                0x000008c9   Thumb Code   124  main.o(.text.TMR0_Init)
    TMR1_IRQHandler                          0x00000945   Thumb Code   144  main.o(.text.TMR1_IRQHandler)
    TMR1_Init                                0x000009d5   Thumb Code   140  main.o(.text.TMR1_Init)
    Turn_Off_All_Digits                      0x00000a61   Thumb Code    36  main.o(.text.Turn_Off_All_Digits)
    main                                     0x00000a85   Thumb Code   144  main.o(.text.main)
    Region$$Table$$Base                      0x00000b14   Number         0  anon$$obj.o(Region$$Table)
    Region$$Table$$Limit                     0x00000b34   Number         0  anon$$obj.o(Region$$Table)
    pattern                                  0x20000000   Data          44  main.o(.data.pattern)
    __libspace_start                         0x20000030   Data          96  libspace.o(.bss)
    __temporary_stack_top$libspace           0x20000090   Data           0  libspace.o(.bss)
    is_K1_Pressed                            0x20000090   Data           1  main.o(.bss..L_MergedGlobals)
    is_K9_Pressed                            0x20000091   Data           1  main.o(.bss..L_MergedGlobals)
    program_state                            0x20000092   Data           1  main.o(.bss..L_MergedGlobals)
    Lap_Record_List                          0x200000bc   Data          60  main.o(.bss..L_MergedGlobals)



==============================================================================

Memory Map of the image

  Image Entry point : 0x00000165

  Load Region LR_1 (Base: 0x00000000, Size: 0x00000b60, Max: 0xffffffff, ABSOLUTE)

    Execution Region ER_RO (Exec base: 0x00000000, Load base: 0x00000000, Size: 0x00000b34, Max: 0xffffffff, ABSOLUTE)

    Exec Addr    Load Addr    Size         Type   Attr      Idx    E Section Name        Object

    0x00000000   0x00000000   0x000000c0   Data   RO           16    RESET               startup_nuc100series.o
    0x000000c0   0x000000c0   0x00000008   Code   RO          123  * !!!main             c_p.l(__main.o)
    0x000000c8   0x000000c8   0x0000003c   Code   RO          298    !!!scatter          c_p.l(__scatter.o)
    0x00000104   0x00000104   0x0000001a   Code   RO          300    !!handler_copy      c_p.l(__scatter_copy.o)
    0x0000011e   0x0000011e   0x00000002   PAD
    0x00000120   0x00000120   0x0000001c   Code   RO          302    !!handler_zi        c_p.l(__scatter_zi.o)
    0x0000013c   0x0000013c   0x00000002   Code   RO          161    .ARM.Collect$$libinit$$00000000  c_p.l(libinit.o)
    0x0000013e   0x0000013e   0x00000000   Code   RO          175    .ARM.Collect$$libinit$$00000002  c_p.l(libinit2.o)
    0x0000013e   0x0000013e   0x00000000   Code   RO          177    .ARM.Collect$$libinit$$00000004  c_p.l(libinit2.o)
    0x0000013e   0x0000013e   0x00000000   Code   RO          180    .ARM.Collect$$libinit$$0000000A  c_p.l(libinit2.o)
    0x0000013e   0x0000013e   0x00000000   Code   RO          182    .ARM.Collect$$libinit$$0000000C  c_p.l(libinit2.o)
    0x0000013e   0x0000013e   0x00000000   Code   RO          184    .ARM.Collect$$libinit$$0000000E  c_p.l(libinit2.o)
    0x0000013e   0x0000013e   0x00000000   Code   RO          187    .ARM.Collect$$libinit$$00000011  c_p.l(libinit2.o)
    0x0000013e   0x0000013e   0x00000000   Code   RO          189    .ARM.Collect$$libinit$$00000013  c_p.l(libinit2.o)
    0x0000013e   0x0000013e   0x00000000   Code   RO          191    .ARM.Collect$$libinit$$00000015  c_p.l(libinit2.o)
    0x0000013e   0x0000013e   0x00000000   Code   RO          193    .ARM.Collect$$libinit$$00000017  c_p.l(libinit2.o)
    0x0000013e   0x0000013e   0x00000000   Code   RO          195    .ARM.Collect$$libinit$$00000019  c_p.l(libinit2.o)
    0x0000013e   0x0000013e   0x00000000   Code   RO          197    .ARM.Collect$$libinit$$0000001B  c_p.l(libinit2.o)
    0x0000013e   0x0000013e   0x00000000   Code   RO          199    .ARM.Collect$$libinit$$0000001D  c_p.l(libinit2.o)
    0x0000013e   0x0000013e   0x00000000   Code   RO          201    .ARM.Collect$$libinit$$0000001F  c_p.l(libinit2.o)
    0x0000013e   0x0000013e   0x00000000   Code   RO          203    .ARM.Collect$$libinit$$00000021  c_p.l(libinit2.o)
    0x0000013e   0x0000013e   0x00000000   Code   RO          205    .ARM.Collect$$libinit$$00000023  c_p.l(libinit2.o)
    0x0000013e   0x0000013e   0x00000000   Code   RO          207    .ARM.Collect$$libinit$$00000025  c_p.l(libinit2.o)
    0x0000013e   0x0000013e   0x00000000   Code   RO          211    .ARM.Collect$$libinit$$0000002C  c_p.l(libinit2.o)
    0x0000013e   0x0000013e   0x00000000   Code   RO          213    .ARM.Collect$$libinit$$0000002E  c_p.l(libinit2.o)
    0x0000013e   0x0000013e   0x00000000   Code   RO          215    .ARM.Collect$$libinit$$00000030  c_p.l(libinit2.o)
    0x0000013e   0x0000013e   0x00000000   Code   RO          217    .ARM.Collect$$libinit$$00000032  c_p.l(libinit2.o)
    0x0000013e   0x0000013e   0x00000002   Code   RO          218    .ARM.Collect$$libinit$$00000033  c_p.l(libinit2.o)
    0x00000140   0x00000140   0x00000002   Code   RO          253    .ARM.Collect$$libshutdown$$00000000  c_p.l(libshutdown.o)
    0x00000142   0x00000142   0x00000000   Code   RO          281    .ARM.Collect$$libshutdown$$00000002  c_p.l(libshutdown2.o)
    0x00000142   0x00000142   0x00000000   Code   RO          283    .ARM.Collect$$libshutdown$$00000004  c_p.l(libshutdown2.o)
    0x00000142   0x00000142   0x00000000   Code   RO          286    .ARM.Collect$$libshutdown$$00000007  c_p.l(libshutdown2.o)
    0x00000142   0x00000142   0x00000000   Code   RO          289    .ARM.Collect$$libshutdown$$0000000A  c_p.l(libshutdown2.o)
    0x00000142   0x00000142   0x00000000   Code   RO          291    .ARM.Collect$$libshutdown$$0000000C  c_p.l(libshutdown2.o)
    0x00000142   0x00000142   0x00000000   Code   RO          294    .ARM.Collect$$libshutdown$$0000000F  c_p.l(libshutdown2.o)
    0x00000142   0x00000142   0x00000002   Code   RO          295    .ARM.Collect$$libshutdown$$00000010  c_p.l(libshutdown2.o)
    0x00000144   0x00000144   0x00000000   Code   RO          125    .ARM.Collect$$rtentry$$00000000  c_p.l(__rtentry.o)
    0x00000144   0x00000144   0x00000000   Code   RO          131    .ARM.Collect$$rtentry$$00000002  c_p.l(__rtentry2.o)
    0x00000144   0x00000144   0x00000006   Code   RO          143    .ARM.Collect$$rtentry$$00000004  c_p.l(__rtentry4.o)
    0x0000014a   0x0000014a   0x00000000   Code   RO          133    .ARM.Collect$$rtentry$$00000009  c_p.l(__rtentry2.o)
    0x0000014a   0x0000014a   0x00000004   Code   RO          134    .ARM.Collect$$rtentry$$0000000A  c_p.l(__rtentry2.o)
    0x0000014e   0x0000014e   0x00000000   Code   RO          136    .ARM.Collect$$rtentry$$0000000C  c_p.l(__rtentry2.o)
    0x0000014e   0x0000014e   0x00000008   Code   RO          137    .ARM.Collect$$rtentry$$0000000D  c_p.l(__rtentry2.o)
    0x00000156   0x00000156   0x00000002   Code   RO          166    .ARM.Collect$$rtexit$$00000000  c_p.l(rtexit.o)
    0x00000158   0x00000158   0x00000000   Code   RO          224    .ARM.Collect$$rtexit$$00000002  c_p.l(rtexit2.o)
    0x00000158   0x00000158   0x00000004   Code   RO          225    .ARM.Collect$$rtexit$$00000003  c_p.l(rtexit2.o)
    0x0000015c   0x0000015c   0x00000006   Code   RO          226    .ARM.Collect$$rtexit$$00000004  c_p.l(rtexit2.o)
    0x00000162   0x00000162   0x00000002   PAD
    0x00000164   0x00000164   0x00000064   Code   RO           17  * .text               startup_nuc100series.o
    0x000001c8   0x000001c8   0x0000016c   Code   RO          117    .text               c_p.l(aeabi_sdiv.o)
    0x00000334   0x00000334   0x00000006   Code   RO          121    .text               c_p.l(heapauxi.o)
    0x0000033a   0x0000033a   0x0000003e   Code   RO          147    .text               c_p.l(sys_stackheap_outer.o)
    0x00000378   0x00000378   0x00000010   Code   RO          150    .text               c_p.l(exit.o)
    0x00000388   0x00000388   0x00000008   Code   RO          162    .text               c_p.l(libspace.o)
    0x00000390   0x00000390   0x0000000c   Code   RO          219    .text               c_p.l(sys_exit.o)
    0x0000039c   0x0000039c   0x00000002   Code   RO          242    .text               c_p.l(use_no_semi.o)
    0x0000039e   0x0000039e   0x00000000   Code   RO          244    .text               c_p.l(indicate_semi.o)
    0x0000039e   0x0000039e   0x00000002   PAD
    0x000003a0   0x000003a0   0x00000028   Code   RO           62    .text.Check_If_K1_Is_Pressed  main.o
    0x000003c8   0x000003c8   0x0000002c   Code   RO           64    .text.Check_If_K9_Is_Pressed  main.o
    0x000003f4   0x000003f4   0x00000080   Code   RO           86    .text.Count_Stopwatch  main.o
    0x00000474   0x00000474   0x00000020   Code   RO           60    .text.Delay         main.o
    0x00000494   0x00000494   0x00000040   Code   RO           48    .text.DisplayCheckMode  main.o
    0x000004d4   0x000004d4   0x00000018   Code   RO           58    .text.Display_Digit  main.o
    0x000004ec   0x000004ec   0x00000024   Code   RO           44    .text.Display_Stopwatch  main.o
    0x00000510   0x00000510   0x00000020   Code   RO          102    .text.EINT1_IRQHandler  main.o
    0x00000530   0x00000530   0x00000040   Code   RO           26    .text.Enable_Clocksources  main.o
    0x00000570   0x00000570   0x00000038   Code   RO           78    .text.GPAB_IRQHandler  main.o
    0x000005a8   0x000005a8   0x000000bc   Code   RO           66    .text.Handle_Keypad_Button_Press  main.o
    0x00000664   0x00000664   0x0000002c   Code   RO          100    .text.Handle_Rotate_Button_Press  main.o
    0x00000690   0x00000690   0x00000074   Code   RO           30    .text.Keypad_Init   main.o
    0x00000704   0x00000704   0x0000004c   Code   RO           32    .text.LED_Init      main.o
    0x00000750   0x00000750   0x00000030   Code   RO           72    .text.Record_Lap    main.o
    0x00000780   0x00000780   0x00000018   Code   RO           76    .text.Reset_Stopwatch  main.o
    0x00000798   0x00000798   0x00000054   Code   RO           36    .text.Rotate_Button_Init  main.o
    0x000007ec   0x000007ec   0x00000074   Code   RO           56    .text.Select_Digit  main.o
    0x00000860   0x00000860   0x00000038   Code   RO           34    .text.Seven_Seg_Init  main.o
    0x00000898   0x00000898   0x00000002   Code   RO            4    .text.SystemInit    system_nuc100series.o
    0x0000089a   0x0000089a   0x00000002   PAD
    0x0000089c   0x0000089c   0x0000002c   Code   RO           88    .text.TMR0_IRQHandler  main.o
    0x000008c8   0x000008c8   0x0000007c   Code   RO           38    .text.TMR0_Init     main.o
    0x00000944   0x00000944   0x00000090   Code   RO           94    .text.TMR1_IRQHandler  main.o
    0x000009d4   0x000009d4   0x0000008c   Code   RO           40    .text.TMR1_Init     main.o
    0x00000a60   0x00000a60   0x00000024   Code   RO           46    .text.Turn_Off_All_Digits  main.o
    0x00000a84   0x00000a84   0x00000090   Code   RO           24    .text.main          main.o
    0x00000b14   0x00000b14   0x00000020   Data   RO          297    Region$$Table       anon$$obj.o


    Execution Region ER_RW (Exec base: 0x20000000, Load base: 0x00000b34, Size: 0x0000002c, Max: 0xffffffff, ABSOLUTE)

    Exec Addr    Load Addr    Size         Type   Attr      Idx    E Section Name        Object

    0x20000000   0x00000b34   0x0000002c   Data   RW          104    .data.pattern       main.o


    Execution Region ER_ZI (Exec base: 0x20000030, Load base: 0x00000b60, Size: 0x000004c8, Max: 0xffffffff, ABSOLUTE)

    Exec Addr    Load Addr    Size         Type   Attr      Idx    E Section Name        Object

    0x20000030        -       0x00000060   Zero   RW          163    .bss                c_p.l(libspace.o)
    0x20000090        -       0x00000068   Zero   RW          107    .bss..L_MergedGlobals  main.o
    0x200000f8        -       0x00000000   Zero   RW           15    HEAP                startup_nuc100series.o
    0x200000f8        -       0x00000400   Zero   RW           14    STACK               startup_nuc100series.o


==============================================================================

Image component sizes


      Code (inc. data)   RO Data    RW Data    ZI Data      Debug   Object Name

      1904        196          0         44        104       8911   main.o
       100         46        192          0       1024        700   startup_nuc100series.o
         2          0          0          0          0       2183   system_nuc100series.o

    ----------------------------------------------------------------------
      2008        242        224         44       1128      11794   Object Totals
         0          0         32          0          0          0   (incl. Generated)
         2          0          0          0          0          0   (incl. Padding)

    ----------------------------------------------------------------------

      Code (inc. data)   RO Data    RW Data    ZI Data      Debug   Library Member Name

         8          0          0          0          0         68   __main.o
         0          0          0          0          0          0   __rtentry.o
        12          0          0          0          0          0   __rtentry2.o
         6          0          0          0          0          0   __rtentry4.o
        60          8          0          0          0          0   __scatter.o
        26          0          0          0          0          0   __scatter_copy.o
        28          0          0          0          0          0   __scatter_zi.o
       364          4          0          0          0         92   aeabi_sdiv.o
        16          0          0          0          0         68   exit.o
         6          0          0          0          0        136   heapauxi.o
         0          0          0          0          0          0   indicate_semi.o
         2          0          0          0          0          0   libinit.o
         2          0          0          0          0          0   libinit2.o
         2          0          0          0          0          0   libshutdown.o
         2          0          0          0          0          0   libshutdown2.o
         8          4          0          0         96         68   libspace.o
         2          0          0          0          0          0   rtexit.o
        10          0          0          0          0          0   rtexit2.o
        12          4          0          0          0         60   sys_exit.o
        62          0          0          0          0         80   sys_stackheap_outer.o
         2          0          0          0          0         68   use_no_semi.o

    ----------------------------------------------------------------------
       636         20          0          0         96        640   Library Totals
         6          0          0          0          0          0   (incl. Padding)

    ----------------------------------------------------------------------

      Code (inc. data)   RO Data    RW Data    ZI Data      Debug   Library Name

       630         20          0          0         96        640   c_p.l

    ----------------------------------------------------------------------
       636         20          0          0         96        640   Library Totals

    ----------------------------------------------------------------------

==============================================================================


      Code (inc. data)   RO Data    RW Data    ZI Data      Debug   

      2644        262        224         44       1224      12274   Grand Totals
      2644        262        224         44       1224      12274   ELF Image Totals
      2644        262        224         44          0          0   ROM Totals

==============================================================================

    Total RO  Size (Code + RO Data)                 2868 (   2.80kB)
    Total RW  Size (RW Data + ZI Data)              1268 (   1.24kB)
    Total ROM Size (Code + RO Data + RW Data)       2912 (   2.84kB)

==============================================================================

